
# >>>>>>>>>>>>>>>>>>>>>> ERROR REPORT <<<<<<<<<<<<<<<<<<<<<<

    Traceback (most recent call last):
      File "C:\Users\User\anaconda3\Lib\site-packages\conda\exception_handler.py", line 18, in __call__
        return func(*args, **kwargs)
               ^^^^^^^^^^^^^^^^^^^^^
      File "C:\Users\User\anaconda3\Lib\site-packages\conda\cli\main.py", line 61, in main_subshell
        exit_code = do_call(args, parser)
                    ^^^^^^^^^^^^^^^^^^^^^
      File "C:\Users\User\anaconda3\Lib\site-packages\conda\cli\conda_argparse.py", line 205, in do_call
        result = getattr(module, func_name)(args, parser)
                 ^^^^^^^^^^^^^^^^^^^^^^^^^^^^^^^^^^^^^^^^
      File "C:\Users\User\anaconda3\Lib\site-packages\conda\cli\main_run.py", line 118, in execute
        print(response.stdout, file=sys.stdout)
      File "C:\Users\User\anaconda3\Lib\encodings\cp1252.py", line 19, in encode
        return codecs.charmap_encode(input,self.errors,encoding_table)[0]
               ^^^^^^^^^^^^^^^^^^^^^^^^^^^^^^^^^^^^^^^^^^^^^^^^^^^^^^^
    UnicodeEncodeError: 'charmap' codec can't encode character '\ufffd' in position 18404: character maps to <undefined>

`$ C:\Users\User\anaconda3\Scripts\conda-script.py run -n gene_prediction python test_phylo_builder.py`

  environment variables:
             ACLOCAL_PATH=C:\Program Files\Git\mingw64\share\aclocal;C:\Program
                          Files\Git\usr\share\aclocal
                 CIO_TEST=<not set>
    CONDA_ALLOW_SOFTLINKS=false
               CONDA_ROOT=C:\Users\User\anaconda3
           CURL_CA_BUNDLE=<not set>
                  EXEPATH=C:\Program Files\Git\bin
                 HOMEPATH=\Users\User
                 INFOPATH=C:\Program Files\Git\mingw64\local\info;C:\Program
                          Files\Git\mingw64\share\info;C:\Program
                          Files\Git\usr\local\info;C:\Program
                          Files\Git\usr\share\info;C:\Program Files\Git\usr\info;C:\Program
                          Files\Git\share\info
               LD_PRELOAD=<not set>
                  MANPATH=C:\Program Files\Git\mingw64\local\man;C:\Program
                          Files\Git\mingw64\share\man;C:\Program
                          Files\Git\usr\local\man;C:\Program Files\Git\usr\share\man;C:\Program
                          Files\Git\usr\man;C:\Program Files\Git\share\man
NODEFAULTCURRENTDIRECTORYINEXEPATH=1
            ORIGINAL_PATH=C:\Program Files\Git\mingw64\bin;C:\Program Files\Git\usr\bin;C:\Users
                          \User\bin;C:\WINDOWS\system32;C:\WINDOWS;C:\WINDOWS\System32\Wbem;C:\W
                          INDOWS\System32\WindowsPowerShell\v1.0;C:\WINDOWS\System32\OpenSSH;C:\
                          Program Files (x86)\NVIDIA Corporation\PhysX\Common;C:\Program
                          Files\dotnet;C:\Program Files\NVIDIA Corporation\NVIDIA
                          app\NvDLISR;C:\Program Files\Git\cmd;C:\Program Files\nodejs;C:\Users\
                          User\AppData\Local\Microsoft\WindowsApps;C:\Users\User\AppData\Local\P
                          rograms\Microsoft VS Code\bin;C:\Users\User\AppData\Roaming\npm
                     PATH=C:\Users\User\bin;C:\Program Files\Git\mingw64\bin;C:\Program
                          Files\Git\usr\local\bin;C:\Program Files\Git\usr\bin;C:\Program
                          Files\Git\usr\bin;C:\Program Files\Git\mingw64\bin;C:\Program Files\Gi
                          t\usr\bin;C:\Users\User\bin;C:\WINDOWS\system32;C:\WINDOWS;C:\WINDOWS\
                          System32\Wbem;C:\WINDOWS\System32\WindowsPowerShell\v1.0;C:\WINDOWS\Sy
                          stem32\OpenSSH;C:\Program Files (x86)\NVIDIA
                          Corporation\PhysX\Common;C:\Program Files\dotnet;C:\Program
                          Files\NVIDIA Corporation\NVIDIA app\NvDLISR;C:\Program
                          Files\Git\cmd;C:\Program Files\nodejs;C:\Users\User\AppData\Local\Micr
                          osoft\WindowsApps;C:\Users\User\AppData\Local\Programs\Microsoft VS
                          Code\bin;C:\Users\User\AppData\Roaming\npm;C:\Program
                          Files\Git\usr\bin\vendor_perl;C:\Program Files\Git\usr\bin\core_perl
          PKG_CONFIG_PATH=C:\Program Files\Git\mingw64\lib\pkgconfig;C:\Program
                          Files\Git\mingw64\share\pkgconfig
PKG_CONFIG_SYSTEM_INCLUDE_PATH=C:/Program Files/Git/mingw64/include
PKG_CONFIG_SYSTEM_LIBRARY_PATH=C:/Program Files/Git/mingw64/lib
             PSMODULEPATH=C:\Program Files\WindowsPowerShell\Modules;C:\WINDOWS\system32\Windows
                          PowerShell\v1.0\Modules
       REQUESTS_CA_BUNDLE=<not set>
            SSL_CERT_FILE=<not set>
    VBOX_MSI_INSTALL_PATH=C:\Program Files\Oracle\VirtualBox\
   VSCODE_CODE_CACHE_PATH=C:\Users\User\AppData\Roaming\Code\CachedData\1e3c50d64110be466c0b4a45
                          222e81d2c9352888

     active environment : None
       user config file : C:\Users\User\.condarc
 populated config files : C:\Users\User\anaconda3\.condarc
                          C:\Users\User\.condarc
          conda version : 24.9.2
    conda-build version : 24.9.0
         python version : 3.12.7.final.0
                 solver : libmamba (default)
       virtual packages : __archspec=1=skylake
                          __conda=24.9.2=0
                          __cuda=13.0=0
                          __win=0=0
       base environment : C:\Users\User\anaconda3  (writable)
      conda av data dir : C:\Users\User\anaconda3\etc\conda
  conda av metadata url : None
           channel URLs : https://conda.anaconda.org/bioconda/win-64
                          https://conda.anaconda.org/bioconda/noarch
                          https://repo.anaconda.com/pkgs/main/win-64
                          https://repo.anaconda.com/pkgs/main/noarch
                          https://repo.anaconda.com/pkgs/r/win-64
                          https://repo.anaconda.com/pkgs/r/noarch
                          https://repo.anaconda.com/pkgs/msys2/win-64
                          https://repo.anaconda.com/pkgs/msys2/noarch
          package cache : C:\Users\User\anaconda3\pkgs
                          C:\Users\User\.conda\pkgs
                          C:\Users\User\AppData\Local\conda\conda\pkgs
       envs directories : C:\Users\User\anaconda3\envs
                          C:\Users\User\.conda\envs
                          C:\Users\User\AppData\Local\conda\conda\envs
               platform : win-64
             user-agent : conda/24.9.2 requests/2.32.3 CPython/3.12.7 Windows/11 Windows/10.0.26100 solver/libmamba conda-libmamba-solver/24.9.0 libmambapy/1.5.8
          administrator : False
             netrc file : None
           offline mode : False


An unexpected error has occurred. Conda has prepared the above report.
If you suspect this error is being caused by a malfunctioning plugin,
consider using the --no-plugins option to turn off plugins.

Example: conda --no-plugins install <package>

Alternatively, you can set the CONDA_NO_PLUGINS environment variable on
the command line to run the command without plugins enabled.

Example: CONDA_NO_PLUGINS=true conda install <package>

If submitted, this report will be used by core maintainers to improve
future releases of conda.
Would you like conda to send this report to the core maintainers? [y/N]: 